// Jest Snapshot v1, https://goo.gl/fbAQLP

exports[`signUp normal case render correctly with authState signUp 1`] = `
<div
  style={
    Object {
      "display": "inline-block",
      "fontWeight": "200",
    }
  }
>
  <Header
    theme={
      Object {
        "Photo": Object {
          "display": "inline-block",
          "margin": "0.2%",
          "verticalAlign": "top",
          "width": "16.66%",
        },
        "a": Object {
          "textDecoration": "underline",
        },
        "actionRow": Object {
          "marginTop": "1.5em",
          "textAlign": "right",
        },
        "album": Object {
          "display": "block",
          "textAlign": "left",
          "width": "100%",
        },
        "albumPhoto": Object {
          "display": "inline-block",
          "margin": "0.2%",
          "verticalAlign": "top",
          "width": "16.66%",
        },
        "button": Object {
          "background": "#fff",
          "border": "1px solid #007bff",
          "color": "#007bff",
          "fontSize": "1em",
          "margin": "auto 0.3em",
          "padding": "0.3em 0.5em",
        },
        "center": Object {
          "textAlign": "center",
        },
        "col3": Object {
          "display": "inline-block",
          "margin": "0.2%",
          "width": "24.5%",
        },
        "col4": Object {
          "display": "inline-block",
          "margin": "0.2%",
          "width": "32%",
        },
        "col6": Object {
          "display": "inline-block",
          "margin": "0.2%",
          "width": "49.5%",
        },
        "container": Object {
          "fontFamily": "-apple-system,
                BlinkMacSystemFont,
                \\"Segoe UI\\",
                Roboto,
                \\"Helvetica Neue\\",
                Arial,
                sans-serif,
                \\"Apple Color Emoji\\",
                \\"Segoe UI Emoji\\",
                \\"Segoe UI Symbol\\"",
          "textAlign": "center",
        },
        "errorSection": Object {
          "background": "orange",
          "fontWeight": "300",
          "margin": "0.2em auto",
          "padding": "0.5em",
        },
        "formRow": Object {
          "marginBottom": "0.5em",
          "textAlign": "left",
        },
        "formSection": Object {
          "display": "inline-block",
          "fontWeight": "200",
        },
        "hidden": Object {
          "display": "none",
        },
        "input": Object {
          "border": "1px solid #aaa",
          "fontSize": "1em",
          "fontWeight": "200",
          "padding": "4px 2px",
          "width": "15em",
        },
        "label": Object {
          "margin": "auto 0.5em",
        },
        "navBar": Object {
          "borderBottom": "1px solid #00fff6",
          "marginBottom": "0.5em",
          "padding": "0.5em 0.5em 0.2em",
        },
        "navButton": Object {
          "background": "#fff",
          "border": "none",
          "borderBottom": "1px solid #007bff",
          "color": "#007bff",
          "margin": "auto 0.3em",
          "padding": "0",
        },
        "navRight": Object {
          "fontSize": "0.8em",
          "textAlign": "right",
        },
        "photo": Object {
          "display": "inline-block",
          "margin": "0.2%",
          "verticalAlign": "top",
          "width": "32.5%",
        },
        "photoImg": Object {
          "maxWidth": "100%",
        },
        "photoPicker": Object {
          "textAlign": "center",
          "width": "100%",
        },
        "photoPickerButton": Object {
          "background": "#fff",
          "border": "1px solid #ccc",
          "fontWeight": "200",
          "width": "100%",
        },
        "photoPickerInput": Object {},
        "photoPickerPicker": Object {
          "textAlign": "center",
          "width": "100%",
        },
        "section": Object {
          "fontWeight": "200",
        },
        "sectionBody": Object {
          "background": "#fff",
          "color": "#000",
          "fontSize": "1em",
          "padding": "1em",
        },
        "sectionFooter": Object {
          "background": "#fff",
          "borderBottom": "1px solid #00fff6",
          "color": "#000",
          "fontSize": "0.8em",
          "padding": "1em",
          "textAlign": "left",
        },
        "sectionHeader": Object {
          "background": "#007bff",
          "color": "#fff",
          "fontSize": "1.2em",
          "fontWeight": "normal",
          "padding": "0.6em",
          "textAlign": "center",
        },
      }
    }
  >
    Sign Up Account
  </Header>
  <div
    style={
      Object {
        "background": "#fff",
        "color": "#000",
        "fontSize": "1em",
        "padding": "1em",
      }
    }
  >
    <InputRow
      authFocus={true}
      key="username"
      name="username"
      onChange={[Function]}
      placeholder="Username"
      theme={
        Object {
          "Photo": Object {
            "display": "inline-block",
            "margin": "0.2%",
            "verticalAlign": "top",
            "width": "16.66%",
          },
          "a": Object {
            "textDecoration": "underline",
          },
          "actionRow": Object {
            "marginTop": "1.5em",
            "textAlign": "right",
          },
          "album": Object {
            "display": "block",
            "textAlign": "left",
            "width": "100%",
          },
          "albumPhoto": Object {
            "display": "inline-block",
            "margin": "0.2%",
            "verticalAlign": "top",
            "width": "16.66%",
          },
          "button": Object {
            "background": "#fff",
            "border": "1px solid #007bff",
            "color": "#007bff",
            "fontSize": "1em",
            "margin": "auto 0.3em",
            "padding": "0.3em 0.5em",
          },
          "center": Object {
            "textAlign": "center",
          },
          "col3": Object {
            "display": "inline-block",
            "margin": "0.2%",
            "width": "24.5%",
          },
          "col4": Object {
            "display": "inline-block",
            "margin": "0.2%",
            "width": "32%",
          },
          "col6": Object {
            "display": "inline-block",
            "margin": "0.2%",
            "width": "49.5%",
          },
          "container": Object {
            "fontFamily": "-apple-system,
                BlinkMacSystemFont,
                \\"Segoe UI\\",
                Roboto,
                \\"Helvetica Neue\\",
                Arial,
                sans-serif,
                \\"Apple Color Emoji\\",
                \\"Segoe UI Emoji\\",
                \\"Segoe UI Symbol\\"",
            "textAlign": "center",
          },
          "errorSection": Object {
            "background": "orange",
            "fontWeight": "300",
            "margin": "0.2em auto",
            "padding": "0.5em",
          },
          "formRow": Object {
            "marginBottom": "0.5em",
            "textAlign": "left",
          },
          "formSection": Object {
            "display": "inline-block",
            "fontWeight": "200",
          },
          "hidden": Object {
            "display": "none",
          },
          "input": Object {
            "border": "1px solid #aaa",
            "fontSize": "1em",
            "fontWeight": "200",
            "padding": "4px 2px",
            "width": "15em",
          },
          "label": Object {
            "margin": "auto 0.5em",
          },
          "navBar": Object {
            "borderBottom": "1px solid #00fff6",
            "marginBottom": "0.5em",
            "padding": "0.5em 0.5em 0.2em",
          },
          "navButton": Object {
            "background": "#fff",
            "border": "none",
            "borderBottom": "1px solid #007bff",
            "color": "#007bff",
            "margin": "auto 0.3em",
            "padding": "0",
          },
          "navRight": Object {
            "fontSize": "0.8em",
            "textAlign": "right",
          },
          "photo": Object {
            "display": "inline-block",
            "margin": "0.2%",
            "verticalAlign": "top",
            "width": "32.5%",
          },
          "photoImg": Object {
            "maxWidth": "100%",
          },
          "photoPicker": Object {
            "textAlign": "center",
            "width": "100%",
          },
          "photoPickerButton": Object {
            "background": "#fff",
            "border": "1px solid #ccc",
            "fontWeight": "200",
            "width": "100%",
          },
          "photoPickerInput": Object {},
          "photoPickerPicker": Object {
            "textAlign": "center",
            "width": "100%",
          },
          "section": Object {
            "fontWeight": "200",
          },
          "sectionBody": Object {
            "background": "#fff",
            "color": "#000",
            "fontSize": "1em",
            "padding": "1em",
          },
          "sectionFooter": Object {
            "background": "#fff",
            "borderBottom": "1px solid #00fff6",
            "color": "#000",
            "fontSize": "0.8em",
            "padding": "1em",
            "textAlign": "left",
          },
          "sectionHeader": Object {
            "background": "#007bff",
            "color": "#fff",
            "fontSize": "1.2em",
            "fontWeight": "normal",
            "padding": "0.6em",
            "textAlign": "center",
          },
        }
      }
    />
    <InputRow
      key="password"
      name="password"
      onChange={[Function]}
      placeholder="Password"
      theme={
        Object {
          "Photo": Object {
            "display": "inline-block",
            "margin": "0.2%",
            "verticalAlign": "top",
            "width": "16.66%",
          },
          "a": Object {
            "textDecoration": "underline",
          },
          "actionRow": Object {
            "marginTop": "1.5em",
            "textAlign": "right",
          },
          "album": Object {
            "display": "block",
            "textAlign": "left",
            "width": "100%",
          },
          "albumPhoto": Object {
            "display": "inline-block",
            "margin": "0.2%",
            "verticalAlign": "top",
            "width": "16.66%",
          },
          "button": Object {
            "background": "#fff",
            "border": "1px solid #007bff",
            "color": "#007bff",
            "fontSize": "1em",
            "margin": "auto 0.3em",
            "padding": "0.3em 0.5em",
          },
          "center": Object {
            "textAlign": "center",
          },
          "col3": Object {
            "display": "inline-block",
            "margin": "0.2%",
            "width": "24.5%",
          },
          "col4": Object {
            "display": "inline-block",
            "margin": "0.2%",
            "width": "32%",
          },
          "col6": Object {
            "display": "inline-block",
            "margin": "0.2%",
            "width": "49.5%",
          },
          "container": Object {
            "fontFamily": "-apple-system,
                BlinkMacSystemFont,
                \\"Segoe UI\\",
                Roboto,
                \\"Helvetica Neue\\",
                Arial,
                sans-serif,
                \\"Apple Color Emoji\\",
                \\"Segoe UI Emoji\\",
                \\"Segoe UI Symbol\\"",
            "textAlign": "center",
          },
          "errorSection": Object {
            "background": "orange",
            "fontWeight": "300",
            "margin": "0.2em auto",
            "padding": "0.5em",
          },
          "formRow": Object {
            "marginBottom": "0.5em",
            "textAlign": "left",
          },
          "formSection": Object {
            "display": "inline-block",
            "fontWeight": "200",
          },
          "hidden": Object {
            "display": "none",
          },
          "input": Object {
            "border": "1px solid #aaa",
            "fontSize": "1em",
            "fontWeight": "200",
            "padding": "4px 2px",
            "width": "15em",
          },
          "label": Object {
            "margin": "auto 0.5em",
          },
          "navBar": Object {
            "borderBottom": "1px solid #00fff6",
            "marginBottom": "0.5em",
            "padding": "0.5em 0.5em 0.2em",
          },
          "navButton": Object {
            "background": "#fff",
            "border": "none",
            "borderBottom": "1px solid #007bff",
            "color": "#007bff",
            "margin": "auto 0.3em",
            "padding": "0",
          },
          "navRight": Object {
            "fontSize": "0.8em",
            "textAlign": "right",
          },
          "photo": Object {
            "display": "inline-block",
            "margin": "0.2%",
            "verticalAlign": "top",
            "width": "32.5%",
          },
          "photoImg": Object {
            "maxWidth": "100%",
          },
          "photoPicker": Object {
            "textAlign": "center",
            "width": "100%",
          },
          "photoPickerButton": Object {
            "background": "#fff",
            "border": "1px solid #ccc",
            "fontWeight": "200",
            "width": "100%",
          },
          "photoPickerInput": Object {},
          "photoPickerPicker": Object {
            "textAlign": "center",
            "width": "100%",
          },
          "section": Object {
            "fontWeight": "200",
          },
          "sectionBody": Object {
            "background": "#fff",
            "color": "#000",
            "fontSize": "1em",
            "padding": "1em",
          },
          "sectionFooter": Object {
            "background": "#fff",
            "borderBottom": "1px solid #00fff6",
            "color": "#000",
            "fontSize": "0.8em",
            "padding": "1em",
            "textAlign": "left",
          },
          "sectionHeader": Object {
            "background": "#007bff",
            "color": "#fff",
            "fontSize": "1.2em",
            "fontWeight": "normal",
            "padding": "0.6em",
            "textAlign": "center",
          },
        }
      }
      type="password"
    />
    <InputRow
      key="email"
      name="email"
      onChange={[Function]}
      placeholder="Email"
      theme={
        Object {
          "Photo": Object {
            "display": "inline-block",
            "margin": "0.2%",
            "verticalAlign": "top",
            "width": "16.66%",
          },
          "a": Object {
            "textDecoration": "underline",
          },
          "actionRow": Object {
            "marginTop": "1.5em",
            "textAlign": "right",
          },
          "album": Object {
            "display": "block",
            "textAlign": "left",
            "width": "100%",
          },
          "albumPhoto": Object {
            "display": "inline-block",
            "margin": "0.2%",
            "verticalAlign": "top",
            "width": "16.66%",
          },
          "button": Object {
            "background": "#fff",
            "border": "1px solid #007bff",
            "color": "#007bff",
            "fontSize": "1em",
            "margin": "auto 0.3em",
            "padding": "0.3em 0.5em",
          },
          "center": Object {
            "textAlign": "center",
          },
          "col3": Object {
            "display": "inline-block",
            "margin": "0.2%",
            "width": "24.5%",
          },
          "col4": Object {
            "display": "inline-block",
            "margin": "0.2%",
            "width": "32%",
          },
          "col6": Object {
            "display": "inline-block",
            "margin": "0.2%",
            "width": "49.5%",
          },
          "container": Object {
            "fontFamily": "-apple-system,
                BlinkMacSystemFont,
                \\"Segoe UI\\",
                Roboto,
                \\"Helvetica Neue\\",
                Arial,
                sans-serif,
                \\"Apple Color Emoji\\",
                \\"Segoe UI Emoji\\",
                \\"Segoe UI Symbol\\"",
            "textAlign": "center",
          },
          "errorSection": Object {
            "background": "orange",
            "fontWeight": "300",
            "margin": "0.2em auto",
            "padding": "0.5em",
          },
          "formRow": Object {
            "marginBottom": "0.5em",
            "textAlign": "left",
          },
          "formSection": Object {
            "display": "inline-block",
            "fontWeight": "200",
          },
          "hidden": Object {
            "display": "none",
          },
          "input": Object {
            "border": "1px solid #aaa",
            "fontSize": "1em",
            "fontWeight": "200",
            "padding": "4px 2px",
            "width": "15em",
          },
          "label": Object {
            "margin": "auto 0.5em",
          },
          "navBar": Object {
            "borderBottom": "1px solid #00fff6",
            "marginBottom": "0.5em",
            "padding": "0.5em 0.5em 0.2em",
          },
          "navButton": Object {
            "background": "#fff",
            "border": "none",
            "borderBottom": "1px solid #007bff",
            "color": "#007bff",
            "margin": "auto 0.3em",
            "padding": "0",
          },
          "navRight": Object {
            "fontSize": "0.8em",
            "textAlign": "right",
          },
          "photo": Object {
            "display": "inline-block",
            "margin": "0.2%",
            "verticalAlign": "top",
            "width": "32.5%",
          },
          "photoImg": Object {
            "maxWidth": "100%",
          },
          "photoPicker": Object {
            "textAlign": "center",
            "width": "100%",
          },
          "photoPickerButton": Object {
            "background": "#fff",
            "border": "1px solid #ccc",
            "fontWeight": "200",
            "width": "100%",
          },
          "photoPickerInput": Object {},
          "photoPickerPicker": Object {
            "textAlign": "center",
            "width": "100%",
          },
          "section": Object {
            "fontWeight": "200",
          },
          "sectionBody": Object {
            "background": "#fff",
            "color": "#000",
            "fontSize": "1em",
            "padding": "1em",
          },
          "sectionFooter": Object {
            "background": "#fff",
            "borderBottom": "1px solid #00fff6",
            "color": "#000",
            "fontSize": "0.8em",
            "padding": "1em",
            "textAlign": "left",
          },
          "sectionHeader": Object {
            "background": "#007bff",
            "color": "#fff",
            "fontSize": "1.2em",
            "fontWeight": "normal",
            "padding": "0.6em",
            "textAlign": "center",
          },
        }
      }
    />
    <InputRow
      key="phone_number"
      name="phone_number"
      onChange={[Function]}
      placeholder="Phone Number"
      theme={
        Object {
          "Photo": Object {
            "display": "inline-block",
            "margin": "0.2%",
            "verticalAlign": "top",
            "width": "16.66%",
          },
          "a": Object {
            "textDecoration": "underline",
          },
          "actionRow": Object {
            "marginTop": "1.5em",
            "textAlign": "right",
          },
          "album": Object {
            "display": "block",
            "textAlign": "left",
            "width": "100%",
          },
          "albumPhoto": Object {
            "display": "inline-block",
            "margin": "0.2%",
            "verticalAlign": "top",
            "width": "16.66%",
          },
          "button": Object {
            "background": "#fff",
            "border": "1px solid #007bff",
            "color": "#007bff",
            "fontSize": "1em",
            "margin": "auto 0.3em",
            "padding": "0.3em 0.5em",
          },
          "center": Object {
            "textAlign": "center",
          },
          "col3": Object {
            "display": "inline-block",
            "margin": "0.2%",
            "width": "24.5%",
          },
          "col4": Object {
            "display": "inline-block",
            "margin": "0.2%",
            "width": "32%",
          },
          "col6": Object {
            "display": "inline-block",
            "margin": "0.2%",
            "width": "49.5%",
          },
          "container": Object {
            "fontFamily": "-apple-system,
                BlinkMacSystemFont,
                \\"Segoe UI\\",
                Roboto,
                \\"Helvetica Neue\\",
                Arial,
                sans-serif,
                \\"Apple Color Emoji\\",
                \\"Segoe UI Emoji\\",
                \\"Segoe UI Symbol\\"",
            "textAlign": "center",
          },
          "errorSection": Object {
            "background": "orange",
            "fontWeight": "300",
            "margin": "0.2em auto",
            "padding": "0.5em",
          },
          "formRow": Object {
            "marginBottom": "0.5em",
            "textAlign": "left",
          },
          "formSection": Object {
            "display": "inline-block",
            "fontWeight": "200",
          },
          "hidden": Object {
            "display": "none",
          },
          "input": Object {
            "border": "1px solid #aaa",
            "fontSize": "1em",
            "fontWeight": "200",
            "padding": "4px 2px",
            "width": "15em",
          },
          "label": Object {
            "margin": "auto 0.5em",
          },
          "navBar": Object {
            "borderBottom": "1px solid #00fff6",
            "marginBottom": "0.5em",
            "padding": "0.5em 0.5em 0.2em",
          },
          "navButton": Object {
            "background": "#fff",
            "border": "none",
            "borderBottom": "1px solid #007bff",
            "color": "#007bff",
            "margin": "auto 0.3em",
            "padding": "0",
          },
          "navRight": Object {
            "fontSize": "0.8em",
            "textAlign": "right",
          },
          "photo": Object {
            "display": "inline-block",
            "margin": "0.2%",
            "verticalAlign": "top",
            "width": "32.5%",
          },
          "photoImg": Object {
            "maxWidth": "100%",
          },
          "photoPicker": Object {
            "textAlign": "center",
            "width": "100%",
          },
          "photoPickerButton": Object {
            "background": "#fff",
            "border": "1px solid #ccc",
            "fontWeight": "200",
            "width": "100%",
          },
          "photoPickerInput": Object {},
          "photoPickerPicker": Object {
            "textAlign": "center",
            "width": "100%",
          },
          "section": Object {
            "fontWeight": "200",
          },
          "sectionBody": Object {
            "background": "#fff",
            "color": "#000",
            "fontSize": "1em",
            "padding": "1em",
          },
          "sectionFooter": Object {
            "background": "#fff",
            "borderBottom": "1px solid #00fff6",
            "color": "#000",
            "fontSize": "0.8em",
            "padding": "1em",
            "textAlign": "left",
          },
          "sectionHeader": Object {
            "background": "#007bff",
            "color": "#fff",
            "fontSize": "1.2em",
            "fontWeight": "normal",
            "padding": "0.6em",
            "textAlign": "center",
          },
        }
      }
    />
    <ButtonRow
      onClick={[Function]}
      theme={
        Object {
          "Photo": Object {
            "display": "inline-block",
            "margin": "0.2%",
            "verticalAlign": "top",
            "width": "16.66%",
          },
          "a": Object {
            "textDecoration": "underline",
          },
          "actionRow": Object {
            "marginTop": "1.5em",
            "textAlign": "right",
          },
          "album": Object {
            "display": "block",
            "textAlign": "left",
            "width": "100%",
          },
          "albumPhoto": Object {
            "display": "inline-block",
            "margin": "0.2%",
            "verticalAlign": "top",
            "width": "16.66%",
          },
          "button": Object {
            "background": "#fff",
            "border": "1px solid #007bff",
            "color": "#007bff",
            "fontSize": "1em",
            "margin": "auto 0.3em",
            "padding": "0.3em 0.5em",
          },
          "center": Object {
            "textAlign": "center",
          },
          "col3": Object {
            "display": "inline-block",
            "margin": "0.2%",
            "width": "24.5%",
          },
          "col4": Object {
            "display": "inline-block",
            "margin": "0.2%",
            "width": "32%",
          },
          "col6": Object {
            "display": "inline-block",
            "margin": "0.2%",
            "width": "49.5%",
          },
          "container": Object {
            "fontFamily": "-apple-system,
                BlinkMacSystemFont,
                \\"Segoe UI\\",
                Roboto,
                \\"Helvetica Neue\\",
                Arial,
                sans-serif,
                \\"Apple Color Emoji\\",
                \\"Segoe UI Emoji\\",
                \\"Segoe UI Symbol\\"",
            "textAlign": "center",
          },
          "errorSection": Object {
            "background": "orange",
            "fontWeight": "300",
            "margin": "0.2em auto",
            "padding": "0.5em",
          },
          "formRow": Object {
            "marginBottom": "0.5em",
            "textAlign": "left",
          },
          "formSection": Object {
            "display": "inline-block",
            "fontWeight": "200",
          },
          "hidden": Object {
            "display": "none",
          },
          "input": Object {
            "border": "1px solid #aaa",
            "fontSize": "1em",
            "fontWeight": "200",
            "padding": "4px 2px",
            "width": "15em",
          },
          "label": Object {
            "margin": "auto 0.5em",
          },
          "navBar": Object {
            "borderBottom": "1px solid #00fff6",
            "marginBottom": "0.5em",
            "padding": "0.5em 0.5em 0.2em",
          },
          "navButton": Object {
            "background": "#fff",
            "border": "none",
            "borderBottom": "1px solid #007bff",
            "color": "#007bff",
            "margin": "auto 0.3em",
            "padding": "0",
          },
          "navRight": Object {
            "fontSize": "0.8em",
            "textAlign": "right",
          },
          "photo": Object {
            "display": "inline-block",
            "margin": "0.2%",
            "verticalAlign": "top",
            "width": "32.5%",
          },
          "photoImg": Object {
            "maxWidth": "100%",
          },
          "photoPicker": Object {
            "textAlign": "center",
            "width": "100%",
          },
          "photoPickerButton": Object {
            "background": "#fff",
            "border": "1px solid #ccc",
            "fontWeight": "200",
            "width": "100%",
          },
          "photoPickerInput": Object {},
          "photoPickerPicker": Object {
            "textAlign": "center",
            "width": "100%",
          },
          "section": Object {
            "fontWeight": "200",
          },
          "sectionBody": Object {
            "background": "#fff",
            "color": "#000",
            "fontSize": "1em",
            "padding": "1em",
          },
          "sectionFooter": Object {
            "background": "#fff",
            "borderBottom": "1px solid #00fff6",
            "color": "#000",
            "fontSize": "0.8em",
            "padding": "1em",
            "textAlign": "left",
          },
          "sectionHeader": Object {
            "background": "#007bff",
            "color": "#fff",
            "fontSize": "1.2em",
            "fontWeight": "normal",
            "padding": "0.6em",
            "textAlign": "center",
          },
        }
      }
    >
      Sign Up
    </ButtonRow>
  </div>
  <Footer
    theme={
      Object {
        "Photo": Object {
          "display": "inline-block",
          "margin": "0.2%",
          "verticalAlign": "top",
          "width": "16.66%",
        },
        "a": Object {
          "textDecoration": "underline",
        },
        "actionRow": Object {
          "marginTop": "1.5em",
          "textAlign": "right",
        },
        "album": Object {
          "display": "block",
          "textAlign": "left",
          "width": "100%",
        },
        "albumPhoto": Object {
          "display": "inline-block",
          "margin": "0.2%",
          "verticalAlign": "top",
          "width": "16.66%",
        },
        "button": Object {
          "background": "#fff",
          "border": "1px solid #007bff",
          "color": "#007bff",
          "fontSize": "1em",
          "margin": "auto 0.3em",
          "padding": "0.3em 0.5em",
        },
        "center": Object {
          "textAlign": "center",
        },
        "col3": Object {
          "display": "inline-block",
          "margin": "0.2%",
          "width": "24.5%",
        },
        "col4": Object {
          "display": "inline-block",
          "margin": "0.2%",
          "width": "32%",
        },
        "col6": Object {
          "display": "inline-block",
          "margin": "0.2%",
          "width": "49.5%",
        },
        "container": Object {
          "fontFamily": "-apple-system,
                BlinkMacSystemFont,
                \\"Segoe UI\\",
                Roboto,
                \\"Helvetica Neue\\",
                Arial,
                sans-serif,
                \\"Apple Color Emoji\\",
                \\"Segoe UI Emoji\\",
                \\"Segoe UI Symbol\\"",
          "textAlign": "center",
        },
        "errorSection": Object {
          "background": "orange",
          "fontWeight": "300",
          "margin": "0.2em auto",
          "padding": "0.5em",
        },
        "formRow": Object {
          "marginBottom": "0.5em",
          "textAlign": "left",
        },
        "formSection": Object {
          "display": "inline-block",
          "fontWeight": "200",
        },
        "hidden": Object {
          "display": "none",
        },
        "input": Object {
          "border": "1px solid #aaa",
          "fontSize": "1em",
          "fontWeight": "200",
          "padding": "4px 2px",
          "width": "15em",
        },
        "label": Object {
          "margin": "auto 0.5em",
        },
        "navBar": Object {
          "borderBottom": "1px solid #00fff6",
          "marginBottom": "0.5em",
          "padding": "0.5em 0.5em 0.2em",
        },
        "navButton": Object {
          "background": "#fff",
          "border": "none",
          "borderBottom": "1px solid #007bff",
          "color": "#007bff",
          "margin": "auto 0.3em",
          "padding": "0",
        },
        "navRight": Object {
          "fontSize": "0.8em",
          "textAlign": "right",
        },
        "photo": Object {
          "display": "inline-block",
          "margin": "0.2%",
          "verticalAlign": "top",
          "width": "32.5%",
        },
        "photoImg": Object {
          "maxWidth": "100%",
        },
        "photoPicker": Object {
          "textAlign": "center",
          "width": "100%",
        },
        "photoPickerButton": Object {
          "background": "#fff",
          "border": "1px solid #ccc",
          "fontWeight": "200",
          "width": "100%",
        },
        "photoPickerInput": Object {},
        "photoPickerPicker": Object {
          "textAlign": "center",
          "width": "100%",
        },
        "section": Object {
          "fontWeight": "200",
        },
        "sectionBody": Object {
          "background": "#fff",
          "color": "#000",
          "fontSize": "1em",
          "padding": "1em",
        },
        "sectionFooter": Object {
          "background": "#fff",
          "borderBottom": "1px solid #00fff6",
          "color": "#000",
          "fontSize": "0.8em",
          "padding": "1em",
          "textAlign": "left",
        },
        "sectionHeader": Object {
          "background": "#007bff",
          "color": "#fff",
          "fontSize": "1.2em",
          "fontWeight": "normal",
          "padding": "0.6em",
          "textAlign": "center",
        },
      }
    }
  >
    <div
      style={
        Object {
          "display": "inline-block",
          "margin": "0.2%",
          "width": "49.5%",
        }
      }
    >
      <Link
        onClick={[Function]}
        theme={
          Object {
            "Photo": Object {
              "display": "inline-block",
              "margin": "0.2%",
              "verticalAlign": "top",
              "width": "16.66%",
            },
            "a": Object {
              "textDecoration": "underline",
            },
            "actionRow": Object {
              "marginTop": "1.5em",
              "textAlign": "right",
            },
            "album": Object {
              "display": "block",
              "textAlign": "left",
              "width": "100%",
            },
            "albumPhoto": Object {
              "display": "inline-block",
              "margin": "0.2%",
              "verticalAlign": "top",
              "width": "16.66%",
            },
            "button": Object {
              "background": "#fff",
              "border": "1px solid #007bff",
              "color": "#007bff",
              "fontSize": "1em",
              "margin": "auto 0.3em",
              "padding": "0.3em 0.5em",
            },
            "center": Object {
              "textAlign": "center",
            },
            "col3": Object {
              "display": "inline-block",
              "margin": "0.2%",
              "width": "24.5%",
            },
            "col4": Object {
              "display": "inline-block",
              "margin": "0.2%",
              "width": "32%",
            },
            "col6": Object {
              "display": "inline-block",
              "margin": "0.2%",
              "width": "49.5%",
            },
            "container": Object {
              "fontFamily": "-apple-system,
                BlinkMacSystemFont,
                \\"Segoe UI\\",
                Roboto,
                \\"Helvetica Neue\\",
                Arial,
                sans-serif,
                \\"Apple Color Emoji\\",
                \\"Segoe UI Emoji\\",
                \\"Segoe UI Symbol\\"",
              "textAlign": "center",
            },
            "errorSection": Object {
              "background": "orange",
              "fontWeight": "300",
              "margin": "0.2em auto",
              "padding": "0.5em",
            },
            "formRow": Object {
              "marginBottom": "0.5em",
              "textAlign": "left",
            },
            "formSection": Object {
              "display": "inline-block",
              "fontWeight": "200",
            },
            "hidden": Object {
              "display": "none",
            },
            "input": Object {
              "border": "1px solid #aaa",
              "fontSize": "1em",
              "fontWeight": "200",
              "padding": "4px 2px",
              "width": "15em",
            },
            "label": Object {
              "margin": "auto 0.5em",
            },
            "navBar": Object {
              "borderBottom": "1px solid #00fff6",
              "marginBottom": "0.5em",
              "padding": "0.5em 0.5em 0.2em",
            },
            "navButton": Object {
              "background": "#fff",
              "border": "none",
              "borderBottom": "1px solid #007bff",
              "color": "#007bff",
              "margin": "auto 0.3em",
              "padding": "0",
            },
            "navRight": Object {
              "fontSize": "0.8em",
              "textAlign": "right",
            },
            "photo": Object {
              "display": "inline-block",
              "margin": "0.2%",
              "verticalAlign": "top",
              "width": "32.5%",
            },
            "photoImg": Object {
              "maxWidth": "100%",
            },
            "photoPicker": Object {
              "textAlign": "center",
              "width": "100%",
            },
            "photoPickerButton": Object {
              "background": "#fff",
              "border": "1px solid #ccc",
              "fontWeight": "200",
              "width": "100%",
            },
            "photoPickerInput": Object {},
            "photoPickerPicker": Object {
              "textAlign": "center",
              "width": "100%",
            },
            "section": Object {
              "fontWeight": "200",
            },
            "sectionBody": Object {
              "background": "#fff",
              "color": "#000",
              "fontSize": "1em",
              "padding": "1em",
            },
            "sectionFooter": Object {
              "background": "#fff",
              "borderBottom": "1px solid #00fff6",
              "color": "#000",
              "fontSize": "0.8em",
              "padding": "1em",
              "textAlign": "left",
            },
            "sectionHeader": Object {
              "background": "#007bff",
              "color": "#fff",
              "fontSize": "1.2em",
              "fontWeight": "normal",
              "padding": "0.6em",
              "textAlign": "center",
            },
          }
        }
      >
        Confirm a Code
      </Link>
    </div>
    <div
      style={
        Object {
          "display": "inline-block",
          "margin": "0.2%",
          "textAlign": "right",
          "width": "49.5%",
        }
      }
    >
      <Link
        onClick={[Function]}
        style={
          Object {
            "textDecoration": "underline",
          }
        }
      >
        Sign In
      </Link>
    </div>
  </Footer>
</div>
`;

exports[`signUp null case with other authState render corrently 1`] = `""`;

exports[`signUp null case with other authState render corrently 2`] = `""`;

exports[`signUp null case with other authState render corrently 3`] = `""`;

exports[`signUp null case with other authState render corrently 4`] = `""`;

exports[`signUp null case with other authState render corrently 5`] = `""`;

exports[`signUp null case with other authState render corrently 6`] = `""`;

exports[`signUp null case with other authState render corrently 7`] = `""`;

exports[`signUp null case with other authState render corrently 8`] = `""`;
