// Jest Snapshot v1, https://goo.gl/fbAQLP

exports[`S3Album render correctly if has images 1`] = `
<div>
  <div
    style={
      Object {
        "display": "block",
        "textAlign": "left",
        "width": "100%",
      }
    }
  />
</div>
`;

exports[`S3Album render nothing if no image 1`] = `
<div>
  <div
    style={
      Object {
        "display": "block",
        "textAlign": "left",
        "width": "100%",
      }
    }
  />
</div>
`;
